// Jest Snapshot v1, https://goo.gl/fbAQLP

exports[`TodoByIdPage Default should render correctly 1`] = `
<div>
  <div
    class="sc-bgqQcB"
  >
    <div
      class="sc-gTRrQi dlvFVq"
    >
      <div
        class="sc-dicizt gsIoIL"
      >
        <span
          class="sc-iVCKna dRTxeT"
        >
          item number:
        </span>
        <span
          class="sc-gxYJeL eWXHxr"
        >
          12345
        </span>
      </div>
    </div>
    <div
      class="sc-gTRrQi dlvFVq"
    />
    <div
      class="sc-gTRrQi dlvFVq"
    >
      <div
        class="sc-ewnqHT"
      >
        Loading 
        title
        ...
      </div>
    </div>
  </div>
</div>
`;
