// Jest Snapshot v1, https://goo.gl/fbAQLP

exports[`TodoByIdPage Default should render correctly 1`] = `
<div>
  <div
    class="sc-iVCKna"
  >
    <div
      class="sc-bgqQcB"
    >
      <div
        class="sc-gTRrQi"
      >
        <div
          class="sc-ewnqHT cJqMKh"
        >
          <span
            class="sc-fFGjHI bkirf"
          >
            item number
            :
          </span>
          <span
            class="sc-dicizt jiIufD"
          >
            12345
          </span>
        </div>
      </div>
    </div>
    <div
      class="sc-bgqQcB"
    >
      <div
        class="sc-gTRrQi"
      >
        <div
          class="sc-ewnqHT cJqMKh"
        >
          <span
            class="sc-fFGjHI bkirf"
          >
            creator
            :
          </span>
          <span
            class="sc-dicizt jiIufD"
          >
            No data provided
          </span>
        </div>
      </div>
    </div>
    <div
      class="sc-bgqQcB"
    >
      <div
        class="sc-gTRrQi"
      >
        <div
          class="sc-ewnqHT cJqMKh"
        >
          <span
            class="sc-fFGjHI bkirf"
          >
            title
            :
          </span>
          <span
            class="sc-dicizt jiIufD"
          >
            Loading data...
          </span>
        </div>
      </div>
    </div>
  </div>
</div>
`;
